// Jest Snapshot v1, https://goo.gl/fbAQLP

exports[`<Main should be render component 1`] = `
<div>
  <h1>
    ola main
  </h1>
</div>
`;
